=== LEXICAL ANALYZER — Declarative Language ===
TOKEN            LEXEME

TK_NEWLINE       --> [\n]
TK_NEWLINE       --> [\n]
TK_NEWLINE       --> [\n]
TK_ID            --> [result]
TK_IS            --> [is]
TK_ID            --> [users]
TK_WHERE         --> [where]
TK_ID            --> [age]
TK_GREATER       --> [>]
TK_LIT_INT       --> [18]
TK_NEWLINE       --> [\n]
TK_NEWLINE       --> [\n]
TK_NEWLINE       --> [\n]
TK_ID            --> [active_users]
TK_IS            --> [is]
TK_ID            --> [users]
TK_WHERE         --> [where]
TK_ID            --> [age]
TK_GREATER       --> [>]
TK_LIT_INT       --> [18]
TK_AND           --> [and]
TK_ID            --> [active]
TK_EQUAL         --> [==]
TK_TRUE          --> [true]
TK_NEWLINE       --> [\n]
TK_NEWLINE       --> [\n]
TK_NEWLINE       --> [\n]
TK_ID            --> [sorted]
TK_IS            --> [is]
TK_ID            --> [numbers]
TK_WHERE         --> [where]
TK_EVERY         --> [every]
TK_ID            --> [element]
TK_LESS_EQ       --> [<=]
TK_ID            --> [next]
TK_NEWLINE       --> [\n]
TK_NEWLINE       --> [\n]
TK_NEWLINE       --> [\n]
TK_ID            --> [total]
TK_IS            --> [is]
TK_SUM           --> [sum]
TK_OF            --> [of]
TK_ID            --> [prices]
TK_WHERE         --> [where]
TK_ID            --> [category]
TK_EQUAL         --> [==]
TK_LIT_STRING    --> [food]
TK_NEWLINE       --> [\n]
TK_NEWLINE       --> [\n]
TK_NEWLINE       --> [\n]
TK_LET           --> [let]
TK_ID            --> [shortest_route]
TK_BE            --> [be]
TK_ID            --> [path]
TK_FROM          --> [from]
TK_ID            --> [A]
TK_TO            --> [to]
TK_ID            --> [B]
TK_WHERE         --> [where]
TK_ID            --> [distance]
TK_IS            --> [is]
TK_MIN           --> [min]
TK_NEWLINE       --> [\n]
TK_NEWLINE       --> [\n]
TK_NEWLINE       --> [\n]
TK_ID            --> [filtered]
TK_IS            --> [is]
TK_ID            --> [orders]
TK_WHERE         --> [where]
TK_ID            --> [user]
TK_DOT           --> [.]
TK_ID            --> [region]
TK_IN            --> [in]
TK_LBRACKET      --> [[]
TK_LIT_STRING    --> [north]
TK_COMMA         --> [,]
TK_LIT_STRING    --> [south]
TK_RBRACKET      --> []]
TK_NEWLINE       --> [\n]
TK_NEWLINE       --> [\n]
TK_NEWLINE       --> [\n]
TK_ID            --> [tax_total]
TK_IS            --> [is]
TK_SUM           --> [sum]
TK_OF            --> [of]
TK_ID            --> [orders]
TK_DOT           --> [.]
TK_ID            --> [amount]
TK_WHERE         --> [where]
TK_ID            --> [price]
TK_PLUS          --> [+]
TK_ID            --> [tax]
TK_GREATER       --> [>]
TK_LIT_FLOAT     --> [100.0]
TK_NEWLINE       --> [\n]
TK_NEWLINE       --> [\n]
TK_NEWLINE       --> [\n]
TK_LET           --> [let]
TK_ID            --> [best_score]
TK_BE            --> [be]
TK_ID            --> [results]
TK_WHERE         --> [where]
TK_ID            --> [score]
TK_IS            --> [is]
TK_MAX           --> [max]
TK_EOF           --> []
